hajo@hajo-GS70-2PC-Stealth:~/gittest$ gitk
hajo@hajo-GS70-2PC-Stealth:~/gittest$ git branch animals
hajo@hajo-GS70-2PC-Stealth:~/gittest$ git checkout animals
Switched to branch 'animals'
hajo@hajo-GS70-2PC-Stealth:~/gittest$ git branch -v
* animals 44aa686 added dog.py
  main    44aa686 added dog.py
hajo@hajo-GS70-2PC-Stealth:~/gittest$ nano
hajo@hajo-GS70-2PC-Stealth:~/gittest$ git status
On branch animals
Untracked files:
  (use "git add <file>..." to include in what will be committed)

	cat.py

nothing added to commit but untracked files present (use "git add" to track)
hajo@hajo-GS70-2PC-Stealth:~/gittest$ git add .
hajo@hajo-GS70-2PC-Stealth:~/gittest$ git commit -m"added cat"
[animals fc1d2f2] added cat
 1 file changed, 1 insertion(+)
 create mode 100644 cat.py
hajo@hajo-GS70-2PC-Stealth:~/gittest$ git push
fatal: No configured push destination.
Either specify the URL from the command-line or configure a remote repository using

    git remote add <name> <url>

and then push using the remote name

    git push <name>

hajo@hajo-GS70-2PC-Stealth:~/gittest$ git push gittest animals
Username for 'https://github.com': herwich012
Password for 'https://herwich012@github.com': 
Counting objects: 3, done.
Delta compression using up to 8 threads.
Compressing objects: 100% (2/2), done.
Writing objects: 100% (3/3), 315 bytes | 315.00 KiB/s, done.
Total 3 (delta 0), reused 0 (delta 0)
remote: 
remote: Create a pull request for 'animals' on GitHub by visiting:
remote:      https://github.com/Herwich012/gittest/pull/new/animals
remote: 
To https://github.com/Herwich012/gittest.git
 * [new branch]      animals -> animals
hajo@hajo-GS70-2PC-Stealth:~/gittest$ git branch -v
* animals fc1d2f2 added cat
  main    44aa686 added dog.py
hajo@hajo-GS70-2PC-Stealth:~/gittest$ git tag noas ark
fatal: Failed to resolve 'ark' as a valid ref.
hajo@hajo-GS70-2PC-Stealth:~/gittest$ git tag noasark
hajo@hajo-GS70-2PC-Stealth:~/gittest$ git status
On branch animals
nothing to commit, working tree clean
hajo@hajo-GS70-2PC-Stealth:~/gittest$ git branch birds
hajo@hajo-GS70-2PC-Stealth:~/gittest$ git checkout birds
Switched to branch 'birds'
hajo@hajo-GS70-2PC-Stealth:~/gittest$ nano
hajo@hajo-GS70-2PC-Stealth:~/gittest$ git status
On branch birds
Untracked files:
  (use "git add <file>..." to include in what will be committed)

	pelican.py

nothing added to commit but untracked files present (use "git add" to track)
hajo@hajo-GS70-2PC-Stealth:~/gittest$ git add .
hajo@hajo-GS70-2PC-Stealth:~/gittest$ git commit -m"added pelican"
[birds 1db3b6f] added pelican
 1 file changed, 1 insertion(+)
 create mode 100644 pelican.py
hajo@hajo-GS70-2PC-Stealth:~/gittest$ git push birds
fatal: The current branch birds has no upstream branch.
To push the current branch and set the remote as upstream, use

    git push --set-upstream birds birds

hajo@hajo-GS70-2PC-Stealth:~/gittest$ git push gittest birds
Username for 'https://github.com': herwich012
Password for 'https://herwich012@github.com': 
Counting objects: 3, done.
Delta compression using up to 8 threads.
Compressing objects: 100% (2/2), done.
Writing objects: 100% (3/3), 291 bytes | 291.00 KiB/s, done.
Total 3 (delta 1), reused 0 (delta 0)
remote: Resolving deltas: 100% (1/1), completed with 1 local object.
remote: 
remote: Create a pull request for 'birds' on GitHub by visiting:
remote:      https://github.com/Herwich012/gittest/pull/new/birds
remote: 
To https://github.com/Herwich012/gittest.git
 * [new branch]      birds -> birds
hajo@hajo-GS70-2PC-Stealth:~/gittest$ git tag noasark2
hajo@hajo-GS70-2PC-Stealth:~/gittest$ git checkout main
Switched to branch 'main'
Your branch is up to date with 'gittest/main'.
hajo@hajo-GS70-2PC-Stealth:~/gittest$ git branch -v
  animals fc1d2f2 added cat
  birds   1db3b6f added pelican
* main    44aa686 added dog.py
hajo@hajo-GS70-2PC-Stealth:~/gittest$ git branch doggers
hajo@hajo-GS70-2PC-Stealth:~/gittest$ nano
hajo@hajo-GS70-2PC-Stealth:~/gittest$ git status
On branch main
Your branch is up to date with 'gittest/main'.

Untracked files:
  (use "git add <file>..." to include in what will be committed)

	dogger.py

nothing added to commit but untracked files present (use "git add" to track)
hajo@hajo-GS70-2PC-Stealth:~/gittest$ git add .
hajo@hajo-GS70-2PC-Stealth:~/gittest$ git commit -m"added doggo"
[main 2540cd3] added doggo
 1 file changed, 1 insertion(+)
 create mode 100644 dogger.py
hajo@hajo-GS70-2PC-Stealth:~/gittest$ git push
Username for 'https://github.com': herwich012 
Password for 'https://herwich012@github.com': 
remote: Invalid username or password.
fatal: Authentication failed for 'https://github.com/Herwich012/gittest.git/'
hajo@hajo-GS70-2PC-Stealth:~/gittest$ git config --global user.name herwich012
hajo@hajo-GS70-2PC-Stealth:~/gittest$ git config --global user.email hajo_erwich@live.nl
hajo@hajo-GS70-2PC-Stealth:~/gittest$ git push
Username for 'https://github.com': herwich012
Password for 'https://herwich012@github.com': 
Counting objects: 3, done.
Delta compression using up to 8 threads.
Compressing objects: 100% (2/2), done.
Writing objects: 100% (3/3), 321 bytes | 321.00 KiB/s, done.
Total 3 (delta 0), reused 0 (delta 0)
To https://github.com/Herwich012/gittest.git
   44aa686..2540cd3  main -> main
hajo@hajo-GS70-2PC-Stealth:~/gittest$ git merge animals
Merge made by the 'recursive' strategy.
 cat.py | 1 +
 1 file changed, 1 insertion(+)
 create mode 100644 cat.py
hajo@hajo-GS70-2PC-Stealth:~/gittest$ git checkout birds
Switched to branch 'birds'
hajo@hajo-GS70-2PC-Stealth:~/gittest$ nano pelican
hajo@hajo-GS70-2PC-Stealth:~/gittest$ nano pelican.py
hajo@hajo-GS70-2PC-Stealth:~/gittest$ git status
On branch birds
Changes not staged for commit:
  (use "git add <file>..." to update what will be committed)
  (use "git checkout -- <file>..." to discard changes in working directory)

	modified:   pelican.py

no changes added to commit (use "git add" and/or "git commit -a")
hajo@hajo-GS70-2PC-Stealth:~/gittest$ git add .
hajo@hajo-GS70-2PC-Stealth:~/gittest$ git commit -m"updated pelican.py"
[birds 6004a63] updated pelican.py
 1 file changed, 1 insertion(+)
hajo@hajo-GS70-2PC-Stealth:~/gittest$ git push
fatal: No configured push destination.
Either specify the URL from the command-line or configure a remote repository using

    git remote add <name> <url>

and then push using the remote name

    git push <name>

hajo@hajo-GS70-2PC-Stealth:~/gittest$ git push birds
fatal: The current branch birds has no upstream branch.
To push the current branch and set the remote as upstream, use

    git push --set-upstream birds birds

hajo@hajo-GS70-2PC-Stealth:~/gittest$ git push gittest birds
Username for 'https://github.com': herwich012
Password for 'https://herwich012@github.com': 
Counting objects: 3, done.
Delta compression using up to 8 threads.
Compressing objects: 100% (2/2), done.
Writing objects: 100% (3/3), 286 bytes | 286.00 KiB/s, done.
Total 3 (delta 1), reused 0 (delta 0)
remote: Resolving deltas: 100% (1/1), completed with 1 local object.
To https://github.com/Herwich012/gittest.git
   1db3b6f..6004a63  birds -> birds
hajo@hajo-GS70-2PC-Stealth:~/gittest$ git checkout main
Switched to branch 'main'
Your branch is ahead of 'gittest/main' by 2 commits.
  (use "git push" to publish your local commits)
hajo@hajo-GS70-2PC-Stealth:~/gittest$ git merge birds
Merge made by the 'recursive' strategy.
 pelican.py | 2 ++
 1 file changed, 2 insertions(+)
 create mode 100644 pelican.py
hajo@hajo-GS70-2PC-Stealth:~/gittest$ git branch -v
  animals fc1d2f2 added cat
  birds   6004a63 updated pelican.py
  doggers 44aa686 added dog.py
* main    4e55df9 [ahead 5] Merge branch 'birds' into main
hajo@hajo-GS70-2PC-Stealth:~/gittest$ git merge doggers
Already up to date.
hajo@hajo-GS70-2PC-Stealth:~/gittest$ git branch -d doggers
Deleted branch doggers (was 44aa686).
hajo@hajo-GS70-2PC-Stealth:~/gittest$ git branch doggers
hajo@hajo-GS70-2PC-Stealth:~/gittest$ git branch -d doggers
Deleted branch doggers (was 4e55df9).
hajo@hajo-GS70-2PC-Stealth:~/gittest$ git status
On branch main
Your branch is ahead of 'gittest/main' by 5 commits.
  (use "git push" to publish your local commits)

nothing to commit, working tree clean
hajo@hajo-GS70-2PC-Stealth:~/gittest$ git push
Username for 'https://github.com': herwich012
Password for 'https://herwich012@github.com': 
Counting objects: 4, done.
Delta compression using up to 8 threads.
Compressing objects: 100% (4/4), done.
Writing objects: 100% (4/4), 512 bytes | 512.00 KiB/s, done.
Total 4 (delta 2), reused 0 (delta 0)
remote: Resolving deltas: 100% (2/2), completed with 1 local object.
To https://github.com/Herwich012/gittest.git
   2540cd3..4e55df9  main -> main
hajo@hajo-GS70-2PC-Stealth:~/gittest$ git branch -v
  animals fc1d2f2 added cat
  birds   6004a63 updated pelican.py
* main    4e55df9 Merge branch 'birds' into main
hajo@hajo-GS70-2PC-Stealth:~/gittest$ git branch -d annimals
error: branch 'annimals' not found.
hajo@hajo-GS70-2PC-Stealth:~/gittest$ git branch -d animals
Deleted branch animals (was fc1d2f2).
hajo@hajo-GS70-2PC-Stealth:~/gittest$ git push origin :animals
fatal: 'origin' does not appear to be a git repository
fatal: Could not read from remote repository.

Please make sure you have the correct access rights
and the repository exists.
hajo@hajo-GS70-2PC-Stealth:~/gittest$ git push main :animals
fatal: 'main' does not appear to be a git repository
fatal: Could not read from remote repository.

Please make sure you have the correct access rights
and the repository exists.
hajo@hajo-GS70-2PC-Stealth:~/gittest$ git push
Username for 'https://github.com': herwich012
Password for 'https://herwich012@github.com': 
Everything up-to-date
hajo@hajo-GS70-2PC-Stealth:~/gittest$ git push gittest --delete animals
Username for 'https://github.com': herwich012
Password for 'https://herwich012@github.com': 
To https://github.com/Herwich012/gittest.git
 - [deleted]         animals
hajo@hajo-GS70-2PC-Stealth:~/gittest$ git push gittest --delete birds
Username for 'https://github.com': herwich012
Password for 'https://herwich012@github.com': 
To https://github.com/Herwich012/gittest.git
 - [deleted]         birds
hajo@hajo-GS70-2PC-Stealth:~/gittest$ git fetch
hajo@hajo-GS70-2PC-Stealth:~/gittest$ git branch -v
  birds 6004a63 updated pelican.py
* main  4e55df9 Merge branch 'birds' into main
hajo@hajo-GS70-2PC-Stealth:~/gittest$ git pull
Already up to date.
hajo@hajo-GS70-2PC-Stealth:~/gittest$ git checkout birds
Switched to branch 'birds'
hajo@hajo-GS70-2PC-Stealth:~/gittest$ git checkout main
Switched to branch 'main'
Your branch is up to date with 'gittest/main'.
hajo@hajo-GS70-2PC-Stealth:~/gittest$ git branch -d birds
Deleted branch birds (was 6004a63).
hajo@hajo-GS70-2PC-Stealth:~/gittest$ git branch -v
* main 4e55df9 Merge branch 'birds' into main
hajo@hajo-GS70-2PC-Stealth:~/gittest$ git checkout birds
error: pathspec 'birds' did not match any file(s) known to git.
hajo@hajo-GS70-2PC-Stealth:~/gittest$ git status
On branch main
Your branch is up to date with 'gittest/main'.

nothing to commit, working tree clean
hajo@hajo-GS70-2PC-Stealth:~/gittest$ git fetch
hajo@hajo-GS70-2PC-Stealth:~/gittest$ git pull
Already up to date.
